#
# An unexpected error has occurred (11)
#
Stack:
/home/benji/.amd/Vivado/2024.1/tps/lnx64/jre21.0.1_12/lib//server/libjvm.so(+0xe4f55c) [0x7f11f5a4f55c]
/home/benji/.amd/Vivado/2024.1/tps/lnx64/jre21.0.1_12/lib//server/libjvm.so(JVM_handle_linux_signal+0x23e) [0x7f11f5a5002e]
/usr/lib/libc.so.6(+0x3e6f0) [0x7f1236e3e6f0]
/home/benji/.amd/Vivado/2024.1/lib/lnx64.o/librdi_coregen.so(+0x116ea07) [0x7f122336ea07]
/home/benji/.amd/Vivado/2024.1/lib/lnx64.o/librdi_coregen.so(HRSBCoAbsDefUtil::isClockAbsDefPort(std::__cxx11::basic_string<char, std::char_traits<char>, std::allocator<char> > const&) const+0x10) [0x7f12237bdd40]
/home/benji/.amd/Vivado/2024.1/lib/lnx64.o/librdi_rsb.so(HRSBEnUtil::writeOOCXdcFile(std::__cxx11::basic_string<char, std::char_traits<char>, std::allocator<char> > const&, HRSBMoDiagram*)+0x50d) [0x7f12100a0fad]
/home/benji/.amd/Vivado/2024.1/lib/lnx64.o/librdi_rsb.so(HRSBEnEngineMgr::generateDesign(std::__cxx11::basic_string<char, std::char_traits<char>, std::allocator<char> > const&, std::__cxx11::basic_string<char, std::char_traits<char>, std::allocator<char> > const&, bool)+0xf5d) [0x7f121001969d]
/home/benji/.amd/Vivado/2024.1/lib/lnx64.o/librdi_rsb.so(HRSBEnCompositeFile::generateTopHdlWrapper(std::__cxx11::basic_string<char, std::char_traits<char>, std::allocator<char> > const&, HDGUIStatus&, bool)+0x149) [0x7f120ffb0f99]
/home/benji/.amd/Vivado/2024.1/lib/lnx64.o/librdi_rsb.so(HRSBEnCompositeFile::_generateFor_(HSTVector<std::__cxx11::basic_string<char, std::char_traits<char>, std::allocator<char> >, std::allocator<std::__cxx11::basic_string<char, std::char_traits<char>, std::allocator<char> > > > const&, HDGUIStatus&, bool)+0x10d7) [0x7f120ffbe497]
/home/benji/.amd/Vivado/2024.1/lib/lnx64.o/librdi_filemgmt.so(HDDACompositeFile::generateFor(HSTVector<std::__cxx11::basic_string<char, std::char_traits<char>, std::allocator<char> >, std::allocator<std::__cxx11::basic_string<char, std::char_traits<char>, std::allocator<char> > > > const&, HDGUIStatus&, bool)+0x435) [0x7f121d48aa45]
/home/benji/.amd/Vivado/2024.1/lib/lnx64.o/librdi_filemgmt.so(HDDACompositeFile::generateFor(HDDATypes::GenerationTarget, HDGUIStatus&, bool)+0x6d) [0x7f121d48ad2d]
/home/benji/.amd/Vivado/2024.1/lib/lnx64.o/librdi_tcltasks.so(+0x1e3dd86) [0x7f122a03dd86]
/home/benji/.amd/Vivado/2024.1/lib/lnx64.o/librdi_tcltasks.so(+0x1e3e359) [0x7f122a03e359]
/home/benji/.amd/Vivado/2024.1/lib/lnx64.o/librdi_tcltasks.so(+0x1e416e6) [0x7f122a0416e6]
/home/benji/.amd/Vivado/2024.1/lib/lnx64.o/librdi_common.so(+0xd85d9f) [0x7f1238785d9f]
/home/benji/.amd/Vivado/2024.1/lib/lnx64.o/libtcl8.6.so(TclNRRunCallbacks+0x47) [0x7f1233284497]
/home/benji/.amd/Vivado/2024.1/lib/lnx64.o/librdi_common.so(+0xd83693) [0x7f1238783693]
/home/benji/.amd/Vivado/2024.1/lib/lnx64.o/libtcl8.6.so(Tcl_ServiceEvent+0x7f) [0x7f12333486df]
/home/benji/.amd/Vivado/2024.1/lib/lnx64.o/libtcl8.6.so(Tcl_DoOneEvent+0x149) [0x7f12333489f9]
/home/benji/.amd/Vivado/2024.1/lib/lnx64.o/librdi_commontasks.so(+0x2bc9c7) [0x7f122c6bc9c7]
/home/benji/.amd/Vivado/2024.1/lib/lnx64.o/librdi_commontasks.so(+0x2c58fe) [0x7f122c6c58fe]
/home/benji/.amd/Vivado/2024.1/lib/lnx64.o/librdi_commontasks.so(+0x2c61df) [0x7f122c6c61df]
/home/benji/.amd/Vivado/2024.1/lib/lnx64.o/librdi_common.so(+0xd85d9f) [0x7f1238785d9f]
/home/benji/.amd/Vivado/2024.1/lib/lnx64.o/libtcl8.6.so(TclNRRunCallbacks+0x47) [0x7f1233284497]
/home/benji/.amd/Vivado/2024.1/lib/lnx64.o/librdi_commonmain.so(+0xe6d2) [0x7f12398896d2]
/home/benji/.amd/Vivado/2024.1/lib/lnx64.o/libtcl8.6.so(Tcl_MainEx+0x1a8) [0x7f1233343038]
/home/benji/.amd/Vivado/2024.1/lib/lnx64.o/librdi_common.so(+0xdaf42b) [0x7f12387af42b]
/usr/lib/libc.so.6(+0x980a2) [0x7f1236e980a2]
/usr/lib/libc.so.6(+0x12080c) [0x7f1236f2080c]
