#
# An unexpected error has occurred (11)
#
Stack:
/home/benji/.amd/Vivado/2024.1/tps/lnx64/jre21.0.1_12/lib//server/libjvm.so(+0xe4f55c) [0x7fc4d3a4f55c]
/home/benji/.amd/Vivado/2024.1/tps/lnx64/jre21.0.1_12/lib//server/libjvm.so(JVM_handle_linux_signal+0x23e) [0x7fc4d3a5002e]
/usr/lib/libc.so.6(+0x3e6f0) [0x7fc514e3e6f0]
/home/benji/.amd/Vivado/2024.1/lib/lnx64.o/librdi_coregen.so(+0x116ea00) [0x7fc50136ea00]
/home/benji/.amd/Vivado/2024.1/lib/lnx64.o/librdi_coregen.so(HRSBCoAbsDefUtil::isClockAbsDefPort(std::__cxx11::basic_string<char, std::char_traits<char>, std::allocator<char> > const&) const+0x10) [0x7fc5017bdd40]
/home/benji/.amd/Vivado/2024.1/lib/lnx64.o/librdi_rsb.so(HRSBEnUtil::writeOOCXdcFile(std::__cxx11::basic_string<char, std::char_traits<char>, std::allocator<char> > const&, HRSBMoDiagram*)+0x50d) [0x7fc4ee0a0fad]
/home/benji/.amd/Vivado/2024.1/lib/lnx64.o/librdi_rsb.so(HRSBEnEngineMgr::generateDesign(std::__cxx11::basic_string<char, std::char_traits<char>, std::allocator<char> > const&, std::__cxx11::basic_string<char, std::char_traits<char>, std::allocator<char> > const&, bool)+0xf5d) [0x7fc4ee01969d]
/home/benji/.amd/Vivado/2024.1/lib/lnx64.o/librdi_rsb.so(HRSBEnCompositeFile::generateTopHdlWrapper(std::__cxx11::basic_string<char, std::char_traits<char>, std::allocator<char> > const&, HDGUIStatus&, bool)+0x149) [0x7fc4edfb0f99]
/home/benji/.amd/Vivado/2024.1/lib/lnx64.o/librdi_rsb.so(HRSBEnCompositeFile::_generateFor_(HSTVector<std::__cxx11::basic_string<char, std::char_traits<char>, std::allocator<char> >, std::allocator<std::__cxx11::basic_string<char, std::char_traits<char>, std::allocator<char> > > > const&, HDGUIStatus&, bool)+0x10d7) [0x7fc4edfbe497]
/home/benji/.amd/Vivado/2024.1/lib/lnx64.o/librdi_filemgmt.so(HDDACompositeFile::generateFor(HSTVector<std::__cxx11::basic_string<char, std::char_traits<char>, std::allocator<char> >, std::allocator<std::__cxx11::basic_string<char, std::char_traits<char>, std::allocator<char> > > > const&, HDGUIStatus&, bool)+0x435) [0x7fc4fb48aa45]
/home/benji/.amd/Vivado/2024.1/lib/lnx64.o/librdi_filemgmt.so(HDDACompositeFile::generateFor(HDDATypes::GenerationTarget, HDGUIStatus&, bool)+0x6d) [0x7fc4fb48ad2d]
/home/benji/.amd/Vivado/2024.1/lib/lnx64.o/librdi_tcltasks.so(+0x1e3dd86) [0x7fc50803dd86]
/home/benji/.amd/Vivado/2024.1/lib/lnx64.o/librdi_tcltasks.so(+0x1e3e359) [0x7fc50803e359]
/home/benji/.amd/Vivado/2024.1/lib/lnx64.o/librdi_tcltasks.so(+0x1e416e6) [0x7fc5080416e6]
/home/benji/.amd/Vivado/2024.1/lib/lnx64.o/librdi_common.so(+0xd85d9f) [0x7fc516785d9f]
/home/benji/.amd/Vivado/2024.1/lib/lnx64.o/libtcl8.6.so(TclNRRunCallbacks+0x47) [0x7fc511284497]
/home/benji/.amd/Vivado/2024.1/lib/lnx64.o/librdi_common.so(+0xd83693) [0x7fc516783693]
/home/benji/.amd/Vivado/2024.1/lib/lnx64.o/libtcl8.6.so(Tcl_ServiceEvent+0x7f) [0x7fc5113486df]
/home/benji/.amd/Vivado/2024.1/lib/lnx64.o/libtcl8.6.so(Tcl_DoOneEvent+0x149) [0x7fc5113489f9]
/home/benji/.amd/Vivado/2024.1/lib/lnx64.o/librdi_commontasks.so(+0x2bc9c7) [0x7fc50a6bc9c7]
/home/benji/.amd/Vivado/2024.1/lib/lnx64.o/librdi_commontasks.so(+0x2c58fe) [0x7fc50a6c58fe]
/home/benji/.amd/Vivado/2024.1/lib/lnx64.o/librdi_commontasks.so(+0x2c61df) [0x7fc50a6c61df]
/home/benji/.amd/Vivado/2024.1/lib/lnx64.o/librdi_common.so(+0xd85d9f) [0x7fc516785d9f]
/home/benji/.amd/Vivado/2024.1/lib/lnx64.o/libtcl8.6.so(TclNRRunCallbacks+0x47) [0x7fc511284497]
/home/benji/.amd/Vivado/2024.1/lib/lnx64.o/librdi_commonmain.so(+0xe6d2) [0x7fc5178336d2]
/home/benji/.amd/Vivado/2024.1/lib/lnx64.o/libtcl8.6.so(Tcl_MainEx+0x1a8) [0x7fc511343038]
/home/benji/.amd/Vivado/2024.1/lib/lnx64.o/librdi_common.so(+0xdaf42b) [0x7fc5167af42b]
/usr/lib/libc.so.6(+0x980a2) [0x7fc514e980a2]
/usr/lib/libc.so.6(+0x12080c) [0x7fc514f2080c]
