#
# An unexpected error has occurred (11)
#
Stack:
/home/benji/.amd/Vivado/2024.1/tps/lnx64/jre21.0.1_12/lib//server/libjvm.so(+0xe4f55c) [0x7f736ce4f55c]
/home/benji/.amd/Vivado/2024.1/tps/lnx64/jre21.0.1_12/lib//server/libjvm.so(JVM_handle_linux_signal+0x23e) [0x7f736ce5002e]
/usr/lib/libc.so.6(+0x3e6f0) [0x7f73ae23e6f0]
/home/benji/.amd/Vivado/2024.1/lib/lnx64.o/librdi_coregen.so(+0x116ea00) [0x7f739a76ea00]
/home/benji/.amd/Vivado/2024.1/lib/lnx64.o/librdi_coregen.so(HRSBCoAbsDefUtil::isClockAbsDefPort(std::__cxx11::basic_string<char, std::char_traits<char>, std::allocator<char> > const&) const+0x10) [0x7f739abbdd40]
/home/benji/.amd/Vivado/2024.1/lib/lnx64.o/librdi_rsb.so(HRSBEnUtil::writeOOCXdcFile(std::__cxx11::basic_string<char, std::char_traits<char>, std::allocator<char> > const&, HRSBMoDiagram*)+0x50d) [0x7f73874a0fad]
/home/benji/.amd/Vivado/2024.1/lib/lnx64.o/librdi_rsb.so(HRSBEnEngineMgr::generateDesign(std::__cxx11::basic_string<char, std::char_traits<char>, std::allocator<char> > const&, std::__cxx11::basic_string<char, std::char_traits<char>, std::allocator<char> > const&, bool)+0xf5d) [0x7f738741969d]
/home/benji/.amd/Vivado/2024.1/lib/lnx64.o/librdi_rsb.so(HRSBEnCompositeFile::generateTopHdlWrapper(std::__cxx11::basic_string<char, std::char_traits<char>, std::allocator<char> > const&, HDGUIStatus&, bool)+0x149) [0x7f73873b0f99]
/home/benji/.amd/Vivado/2024.1/lib/lnx64.o/librdi_rsb.so(HRSBEnCompositeFile::_generateFor_(HSTVector<std::__cxx11::basic_string<char, std::char_traits<char>, std::allocator<char> >, std::allocator<std::__cxx11::basic_string<char, std::char_traits<char>, std::allocator<char> > > > const&, HDGUIStatus&, bool)+0x10d7) [0x7f73873be497]
/home/benji/.amd/Vivado/2024.1/lib/lnx64.o/librdi_filemgmt.so(HDDACompositeFile::generateFor(HSTVector<std::__cxx11::basic_string<char, std::char_traits<char>, std::allocator<char> >, std::allocator<std::__cxx11::basic_string<char, std::char_traits<char>, std::allocator<char> > > > const&, HDGUIStatus&, bool)+0x435) [0x7f739488aa45]
/home/benji/.amd/Vivado/2024.1/lib/lnx64.o/librdi_filemgmt.so(HDDACompositeFile::generateFor(HDDATypes::GenerationTarget, HDGUIStatus&, bool)+0x6d) [0x7f739488ad2d]
/home/benji/.amd/Vivado/2024.1/lib/lnx64.o/librdi_tcltasks.so(+0x1e3dd86) [0x7f73a143dd86]
/home/benji/.amd/Vivado/2024.1/lib/lnx64.o/librdi_tcltasks.so(+0x1e3e359) [0x7f73a143e359]
/home/benji/.amd/Vivado/2024.1/lib/lnx64.o/librdi_tcltasks.so(+0x1e416e6) [0x7f73a14416e6]
/home/benji/.amd/Vivado/2024.1/lib/lnx64.o/librdi_common.so(+0xd85d9f) [0x7f73afb85d9f]
/home/benji/.amd/Vivado/2024.1/lib/lnx64.o/libtcl8.6.so(TclNRRunCallbacks+0x47) [0x7f73ae484497]
/home/benji/.amd/Vivado/2024.1/lib/lnx64.o/librdi_common.so(+0xd83693) [0x7f73afb83693]
/home/benji/.amd/Vivado/2024.1/lib/lnx64.o/libtcl8.6.so(Tcl_ServiceEvent+0x7f) [0x7f73ae5486df]
/home/benji/.amd/Vivado/2024.1/lib/lnx64.o/libtcl8.6.so(Tcl_DoOneEvent+0x149) [0x7f73ae5489f9]
/home/benji/.amd/Vivado/2024.1/lib/lnx64.o/librdi_commontasks.so(+0x2bc9c7) [0x7f73a3abc9c7]
/home/benji/.amd/Vivado/2024.1/lib/lnx64.o/librdi_commontasks.so(+0x2c58fe) [0x7f73a3ac58fe]
/home/benji/.amd/Vivado/2024.1/lib/lnx64.o/librdi_commontasks.so(+0x2c61df) [0x7f73a3ac61df]
/home/benji/.amd/Vivado/2024.1/lib/lnx64.o/librdi_common.so(+0xd85d9f) [0x7f73afb85d9f]
/home/benji/.amd/Vivado/2024.1/lib/lnx64.o/libtcl8.6.so(TclNRRunCallbacks+0x47) [0x7f73ae484497]
/home/benji/.amd/Vivado/2024.1/lib/lnx64.o/librdi_commonmain.so(+0xe6d2) [0x7f73b0dd86d2]
/home/benji/.amd/Vivado/2024.1/lib/lnx64.o/libtcl8.6.so(Tcl_MainEx+0x1a8) [0x7f73ae543038]
/home/benji/.amd/Vivado/2024.1/lib/lnx64.o/librdi_common.so(+0xdaf42b) [0x7f73afbaf42b]
/usr/lib/libc.so.6(+0x980a2) [0x7f73ae2980a2]
/usr/lib/libc.so.6(+0x12080c) [0x7f73ae32080c]
